<html>
<body>
<pre>
<h1>µVision Build Log</h1>
<h2>Tool Versions:</h2>
IDE-Version: £gVision V5.24.2.0
Copyright (C) 2017 ARM Ltd and ARM Germany GmbH. All rights reserved.
License Information: poyu chiu, fcu, LIC=----
 
Tool Versions:
Toolchain:       MDK-Lite  Version: 5.24.1
Toolchain Path:  C:\Keil_v5\ARM\ARMCC\Bin
C Compiler:      Armcc.exe V5.06 update 5 (build 528)
Assembler:       Armasm.exe V5.06 update 5 (build 528)
Linker/Locator:  ArmLink.exe V5.06 update 5 (build 528)
Library Manager: ArmAr.exe V5.06 update 5 (build 528)
Hex Converter:   FromElf.exe V5.06 update 5 (build 528)
CPU DLL:         SARMCM3.DLL V5.24.1
Dialog DLL:      DARMCM1.DLL V1.18.0.0
Target DLL:      Nu_Link.dll V3.02
Dialog DLL:      TARMCM1.DLL V1.13.0.0
 
<h2>Project:</h2>
C:\Users\bruce_2nbsnuo\®à­±\onsite3\FCU_MicroProcessor\exam3\exam3\SampleCode\Nu-LB-NUC140\UART_LCD_7seg_keypad\KEIL\Nu-LB-NUC140_TMR.uvproj
Project File Date:  12/18/2023

<h2>Output:</h2>
*** Using Compiler 'V5.06 update 5 (build 528)', folder: 'C:\Keil_v5\ARM\ARMCC\Bin'
Build target 'TMR'
creating preprocessor file for system_NUC100Series.c...
creating preprocessor file for sys.c...
creating preprocessor file for clk.c...
creating preprocessor file for uart.c...
creating preprocessor file for timer.c...
creating preprocessor file for gpio.c...
creating preprocessor file for spi.c...
creating preprocessor file for adc.c...
creating preprocessor file for pwm.c...
creating preprocessor file for Draw2D.c...
creating preprocessor file for main.c...
creating preprocessor file for SYS_init.c...
creating preprocessor file for Seven_Segment_wang.c...
compiling main.c...
..\MCU_init.h(44): warning:  #1-D: last line of file ends without a newline
  #define ADC_OPERATION_MODE ADC_OPERATION_MODE_CONTINUOUS // SINGLE, SINGLE_CYCLE, CONTINUOUS
..\main.c(121): warning:  #1-D: last line of file ends without a newline
  }
..\main.c(72): warning:  #177-D: variable "i"  was declared but never referenced
  	uint8_t i = 0;
..\main.c(76): warning:  #177-D: variable "keyin"  was declared but never referenced
  	int8_t keyin = 0;
..\main.c(79): warning:  #177-D: variable "player1_score"  was declared but never referenced
  	int player1_score = 0;
..\main.c(80): warning:  #177-D: variable "player2_score"  was declared but never referenced
  	int player2_score = 0;
..\main.c: 6 warnings, 0 errors
creating preprocessor file for LCD.c...
linking...
Program Size: Code=4128 RO-data=480 RW-data=56 ZI-data=2048  
After Build - User command #1: fromelf --bin ".\obj\TMR_LED.axf" --output ".\obj\TMR_LED.bin"
After Build - User command #2: fromelf --text -c ".\obj\TMR_LED.axf" --output ".\obj\TMR_LED.txt"
".\obj\TMR_LED.axf" - 0 Error(s), 6 Warning(s).
Build Time Elapsed:  00:00:02
</pre>
</body>
</html>
