<html>
<body>
<pre>
<h1>µVision Build Log</h1>
<h2>Tool Versions:</h2>
IDE-Version: £gVision V5.31.0.0
Copyright (C) 2020 ARM Ltd and ARM Germany GmbH. All rights reserved.
License Information: PC234,  , LIC=----
 
Tool Versions:
Toolchain:       MDK-Lite  Version: 5.31.0.0
Toolchain Path:  C:\Keil_v5\ARM\ARMCC\Bin
C Compiler:      Armcc.exe V5.06 update 6 (build 750)
Assembler:       Armasm.exe V5.06 update 6 (build 750)
Linker/Locator:  ArmLink.exe V5.06 update 6 (build 750)
Library Manager: ArmAr.exe V5.06 update 6 (build 750)
Hex Converter:   FromElf.exe V5.06 update 6 (build 750)
CPU DLL:         SARMCM3.DLL V5.31.0.0
Dialog DLL:      DARMCM1.DLL V1.19.3.0
Target DLL:      Nu_Link.dll V3.03
Dialog DLL:      TARMCM1.DLL V1.14.2.0
 
<h2>Project:</h2>
C:\Users\PC234\Desktop\Lab4_1\KEIL\Nu-LB-NUC140.uvproj
Project File Date:  10/13/2020

<h2>Output:</h2>
*** Using Compiler 'V5.06 update 6 (build 750)', folder: 'C:\Keil_v5\ARM\ARMCC\Bin'
Rebuild target 'Sample'
assembling startup_NUC100Series.s...
creating preprocessor file for system_NUC100Series.c...
creating preprocessor file for spi.c...
creating preprocessor file for clk.c...
creating preprocessor file for uart.c...
creating preprocessor file for gpio.c...
creating preprocessor file for sys.c...
compiling system_NUC100Series.c...
compiling clk.c...
compiling spi.c...
creating preprocessor file for LCD.c...
compiling gpio.c...
compiling uart.c...
creating preprocessor file for main.c...
creating preprocessor file for SYS_init.c...
compiling sys.c...
creating preprocessor file for Scankey.c...
creating preprocessor file for Seven_Segment.c...
compiling SYS_init.c...
compiling main.c...
..\main.c(17): warning:  #177-D: variable "keyin"  was declared but never referenced
  	uint8_t keyin;
..\main.c: 1 warning, 0 errors
compiling LCD.c...
compiling Scankey.c...
compiling Seven_Segment.c...
linking...
Program Size: Code=3120 RO-data=280 RW-data=2044 ZI-data=2052  
After Build - User command #1: fromelf --bin ".\obj\Sample.axf" --output ".\obj\Sample.bin"
After Build - User command #2: fromelf --text -c ".\obj\Sample.axf" --output ".\obj\Sample.txt"
".\obj\Sample.axf" - 0 Error(s), 1 Warning(s).
Build Time Elapsed:  00:00:02
</pre>
</body>
</html>
