<html>
<body>
<pre>
<h1>µVision Build Log</h1>
<h2>Project:</h2>
C:\Users\CASE_PC\Downloads\Lab4\KEIL\Nu-LB-NUC140.uvproj
Project File Date:  10/27/2020

<h2>Output:</h2>
Rebuild target 'Sample'
creating preprocessor file for system_NUC100Series.c...
compiling system_NUC100Series.c...
assembling startup_NUC100Series.s...
creating preprocessor file for clk.c...
compiling clk.c...
creating preprocessor file for spi.c...
compiling spi.c...
creating preprocessor file for uart.c...
compiling uart.c...
creating preprocessor file for gpio.c...
compiling gpio.c...
creating preprocessor file for sys.c...
compiling sys.c...
creating preprocessor file for LCD.c...
compiling LCD.c...
creating preprocessor file for main.c...
compiling main.c...
creating preprocessor file for SYS_init.c...
compiling SYS_init.c...
creating preprocessor file for Scankey.c...
compiling Scankey.c...
linking...
Program Size: Code=3156 RO-data=280 RW-data=2076 ZI-data=2052  
User command #1: fromelf --bin ".\obj\Sample.axf" --output ".\obj\Sample.bin"
User command #2: fromelf --text -c ".\obj\Sample.axf" --output ".\obj\Sample.txt"
".\obj\Sample.axf" - 0 Error(s), 0 Warning(s).
Load "C:\\Users\\CASE_PC\\Downloads\\Lab4\\KEIL\\obj\\Sample.AXF" 
